// Jest Snapshot v1, https://goo.gl/fbAQLP

exports[`should render expense list item 1`] = `
<div>
  <Link
    replace={false}
    to="/edit/1"
  >
    <h3>
      first item
    </h3>
  </Link>
  <p>
    2
     - 
    Jan 1st 1970
  </p>
</div>
`;

exports[`should render expense list with expenses 1`] = `
<div>
  <Link
    replace={false}
    to="/edit/1"
  >
    <h3>
      first item
    </h3>
  </Link>
  <p>
    2
     - 
    Jan 1st 1970
  </p>
</div>
`;
